// Jest Snapshot v1, https://goo.gl/fbAQLP

exports[`BuyIrisScreen renders correctly 1`] = `
<View
  style={
    {
      "alignItems": "center",
      "backgroundColor": "#eeedf6",
      "flex": 1,
      "height": 1125,
      "justifyContent": "center",
      "width": 750,
    }
  }
>
  <View
    style={
      {
        "backgroundColor": "#2F2A5A",
        "borderBottomLeftRadius": 75,
        "borderBottomRightRadius": 75,
        "height": 450,
        "position": "absolute",
        "top": 0,
        "width": 745,
      }
    }
  />
  <View
    style={
      {
        "alignItems": "center",
        "flexDirection": "column",
        "height": "30%",
        "justifyContent": "flex-start",
        "marginTop": 100,
        "width": "100%",
      }
    }
  >
    <View
      style={
        {
          "alignItems": "center",
          "flexDirection": "column",
          "height": "30%",
          "width": "90%",
        }
      }
    >
      <Text
        style={
          {
            "color": "#EEEDF6",
            "fontFamily": "oswaldBold",
            "fontSize": 34,
            "marginBottom": 10,
          }
        }
      >
        Credits
      </Text>
      <Text
        style={
          {
            "color": "#EEEDF6",
            "fontFamily": "mulishMedium",
            "fontSize": 22,
            "paddingVertical": 5,
          }
        }
      >
        1 Crédit = 1 Question Oui/Non
      </Text>
      <Text
        style={
          {
            "color": "#EEEDF6",
            "fontFamily": "mulishMedium",
            "fontSize": 22,
            "paddingVertical": 5,
          }
        }
      >
        3 Crédits = 1 Tirage Complet
      </Text>
    </View>
  </View>
  <View
    style={
      {
        "alignItems": "center",
        "flexDirection": "column",
        "height": "80%",
        "position": "relative",
        "top": -40,
        "width": "100%",
      }
    }
  >
    <ViewManagerAdapter_ExpoLinearGradient
      proxiedProperties={
        {
          "colors": [
            4292664046,
            4293848566,
          ],
          "endPoint": [
            1,
            0.5,
          ],
          "locations": [
            0.1,
            0.9,
          ],
          "startPoint": [
            0,
            0.5,
          ],
        }
      }
      style={
        {
          "alignItems": "center",
          "backgroundColor": "#dcdaee",
          "borderColor": "#EEEDF6",
          "borderRadius": 10,
          "borderWidth": 1,
          "height": "15%",
          "marginBottom": 20,
          "width": "90%",
        }
      }
    >
      <View
        accessibilityState={
          {
            "busy": undefined,
            "checked": undefined,
            "disabled": undefined,
            "expanded": undefined,
            "selected": undefined,
          }
        }
        accessibilityValue={
          {
            "max": undefined,
            "min": undefined,
            "now": undefined,
            "text": undefined,
          }
        }
        accessible={true}
        collapsable={false}
        focusable={true}
        onBlur={[Function]}
        onClick={[Function]}
        onFocus={[Function]}
        onResponderGrant={[Function]}
        onResponderMove={[Function]}
        onResponderRelease={[Function]}
        onResponderTerminate={[Function]}
        onResponderTerminationRequest={[Function]}
        onStartShouldSetResponder={[Function]}
        style={
          {
            "alignItems": "center",
            "borderRadius": 15,
            "flexDirection": "row",
            "height": "100%",
            "justifyContent": "flex-start",
            "width": "100%",
          }
        }
      >
        <View
          style={
            {
              "alignItems": "center",
              "flexDirection": "column",
              "width": "50%",
            }
          }
        >
          <Text
            style={
              {
                "color": "#2F2A5A",
                "fontFamily": "mulishBold",
                "fontSize": 20,
              }
            }
          >
            1
          </Text>
          <Text
            style={
              {
                "color": "#2F2A5A",
                "fontFamily": "mulishBold",
                "fontSize": 20,
              }
            }
          >
            Crédit
          </Text>
        </View>
        <View
          style={
            {
              "marginLeft": 40,
              "width": "80%",
            }
          }
        >
          <Text
            style={
              {
                "color": "#2F2A5A",
                "fontFamily": "mulishExtraBold",
                "fontSize": 34,
                "marginTop": 20,
              }
            }
          >
            1.99
            €
          </Text>
        </View>
      </View>
    </ViewManagerAdapter_ExpoLinearGradient>
    <ViewManagerAdapter_ExpoLinearGradient
      proxiedProperties={
        {
          "colors": [
            4292664046,
            4293848566,
          ],
          "endPoint": [
            1,
            0.5,
          ],
          "locations": [
            0.1,
            0.9,
          ],
          "startPoint": [
            0,
            0.5,
          ],
        }
      }
      style={
        {
          "alignItems": "center",
          "backgroundColor": "#dcdaee",
          "borderColor": "#EEEDF6",
          "borderRadius": 10,
          "borderWidth": 1,
          "height": "15%",
          "marginBottom": 20,
          "width": "90%",
        }
      }
    >
      <View
        accessibilityState={
          {
            "busy": undefined,
            "checked": undefined,
            "disabled": undefined,
            "expanded": undefined,
            "selected": undefined,
          }
        }
        accessibilityValue={
          {
            "max": undefined,
            "min": undefined,
            "now": undefined,
            "text": undefined,
          }
        }
        accessible={true}
        collapsable={false}
        focusable={true}
        onBlur={[Function]}
        onClick={[Function]}
        onFocus={[Function]}
        onResponderGrant={[Function]}
        onResponderMove={[Function]}
        onResponderRelease={[Function]}
        onResponderTerminate={[Function]}
        onResponderTerminationRequest={[Function]}
        onStartShouldSetResponder={[Function]}
        style={
          {
            "alignItems": "center",
            "borderRadius": 15,
            "flexDirection": "row",
            "height": "100%",
            "justifyContent": "flex-start",
            "width": "100%",
          }
        }
      >
        <View
          style={
            {
              "alignItems": "center",
              "flexDirection": "column",
              "width": "50%",
            }
          }
        >
          <Text
            style={
              {
                "color": "#2F2A5A",
                "fontFamily": "mulishBold",
                "fontSize": 20,
              }
            }
          >
            3
          </Text>
          <Text
            style={
              {
                "color": "#2F2A5A",
                "fontFamily": "mulishBold",
                "fontSize": 20,
              }
            }
          >
            Crédit
          </Text>
        </View>
        <View
          style={
            {
              "marginLeft": 40,
              "width": "80%",
            }
          }
        >
          <View
            style={
              {
                "alignItems": "center",
                "flexDirection": "row",
                "justifyContent": "space-between",
                "left": 20,
                "position": "absolute",
                "top": 0,
                "width": 90,
              }
            }
          >
            <Text
              style={
                {
                  "fontFamily": "mulishLight",
                  "fontSize": 10,
                  "textDecorationLine": "line-through",
                }
              }
            >
              6
              €
            </Text>
            <View
              style={
                {
                  "alignItems": "center",
                  "backgroundColor": "#FF7648",
                  "height": 20,
                  "justifyContent": "center",
                  "width": 50,
                }
              }
            >
              <Text
                style={
                  {
                    "color": "#eeedf6",
                    "fontFamily": "mulishMedium",
                    "fontSize": 10,
                  }
                }
              >
                -13%
              </Text>
            </View>
          </View>
          <Text
            style={
              {
                "color": "#2F2A5A",
                "fontFamily": "mulishExtraBold",
                "fontSize": 34,
                "marginTop": 20,
              }
            }
          >
            4.99
            €
          </Text>
        </View>
      </View>
    </ViewManagerAdapter_ExpoLinearGradient>
    <ViewManagerAdapter_ExpoLinearGradient
      proxiedProperties={
        {
          "colors": [
            4294932040,
            4293848566,
          ],
          "endPoint": [
            1,
            0.5,
          ],
          "locations": [
            0.1,
            0.9,
          ],
          "startPoint": [
            0,
            0.5,
          ],
        }
      }
      style={
        {
          "alignItems": "center",
          "backgroundColor": "#dcdaee",
          "borderColor": "#EEEDF6",
          "borderRadius": 10,
          "borderWidth": 1,
          "height": "15%",
          "marginBottom": 20,
          "width": "90%",
        }
      }
    >
      <View
        accessibilityState={
          {
            "busy": undefined,
            "checked": undefined,
            "disabled": undefined,
            "expanded": undefined,
            "selected": undefined,
          }
        }
        accessibilityValue={
          {
            "max": undefined,
            "min": undefined,
            "now": undefined,
            "text": undefined,
          }
        }
        accessible={true}
        collapsable={false}
        focusable={true}
        onBlur={[Function]}
        onClick={[Function]}
        onFocus={[Function]}
        onResponderGrant={[Function]}
        onResponderMove={[Function]}
        onResponderRelease={[Function]}
        onResponderTerminate={[Function]}
        onResponderTerminationRequest={[Function]}
        onStartShouldSetResponder={[Function]}
        style={
          {
            "alignItems": "center",
            "borderRadius": 15,
            "flexDirection": "row",
            "height": "100%",
            "justifyContent": "flex-start",
            "width": "100%",
          }
        }
      >
        <View
          style={
            {
              "alignItems": "center",
              "flexDirection": "column",
              "width": "50%",
            }
          }
        >
          <Text
            style={
              {
                "color": "#2F2A5A",
                "fontFamily": "mulishBold",
                "fontSize": 20,
              }
            }
          >
            10
          </Text>
          <Text
            style={
              {
                "color": "#2F2A5A",
                "fontFamily": "mulishBold",
                "fontSize": 20,
              }
            }
          >
            Crédit
          </Text>
        </View>
        <View
          style={
            {
              "backgroundColor": "#bc9531",
              "borderRadius": 10,
              "left": 120,
              "paddingHorizontal": 20,
              "paddingVertical": 5,
              "position": "absolute",
              "top": -12,
            }
          }
        >
          <Text
            style={
              {
                "color": "#eeedf6",
                "fontFamily": "mulishMedium",
                "fontSize": 14,
              }
            }
          >
            Best Deal
          </Text>
        </View>
        <View
          style={
            {
              "marginLeft": 40,
              "width": "80%",
            }
          }
        >
          <Text
            style={
              {
                "color": "#2F2A5A",
                "fontFamily": "mulishExtraBold",
                "fontSize": 34,
                "marginTop": 20,
              }
            }
          >
            15.99
            €
          </Text>
        </View>
      </View>
    </ViewManagerAdapter_ExpoLinearGradient>
    <ViewManagerAdapter_ExpoLinearGradient
      proxiedProperties={
        {
          "colors": [
            4292664046,
            4293848566,
          ],
          "endPoint": [
            1,
            0.5,
          ],
          "locations": [
            0.1,
            0.9,
          ],
          "startPoint": [
            0,
            0.5,
          ],
        }
      }
      style={
        {
          "alignItems": "center",
          "backgroundColor": "#dcdaee",
          "borderColor": "#EEEDF6",
          "borderRadius": 10,
          "borderWidth": 1,
          "height": "15%",
          "marginBottom": 20,
          "width": "90%",
        }
      }
    >
      <View
        accessibilityState={
          {
            "busy": undefined,
            "checked": undefined,
            "disabled": undefined,
            "expanded": undefined,
            "selected": undefined,
          }
        }
        accessibilityValue={
          {
            "max": undefined,
            "min": undefined,
            "now": undefined,
            "text": undefined,
          }
        }
        accessible={true}
        collapsable={false}
        focusable={true}
        onBlur={[Function]}
        onClick={[Function]}
        onFocus={[Function]}
        onResponderGrant={[Function]}
        onResponderMove={[Function]}
        onResponderRelease={[Function]}
        onResponderTerminate={[Function]}
        onResponderTerminationRequest={[Function]}
        onStartShouldSetResponder={[Function]}
        style={
          {
            "alignItems": "center",
            "borderRadius": 15,
            "flexDirection": "row",
            "height": "100%",
            "justifyContent": "flex-start",
            "width": "100%",
          }
        }
      >
        <View
          style={
            {
              "alignItems": "center",
              "flexDirection": "column",
              "width": "50%",
            }
          }
        >
          <Text
            style={
              {
                "color": "#2F2A5A",
                "fontFamily": "mulishBold",
                "fontSize": 20,
              }
            }
          >
            20
          </Text>
          <Text
            style={
              {
                "color": "#2F2A5A",
                "fontFamily": "mulishBold",
                "fontSize": 20,
              }
            }
          >
            Crédit
          </Text>
        </View>
        <View
          style={
            {
              "marginLeft": 40,
              "width": "80%",
            }
          }
        >
          <Text
            style={
              {
                "color": "#2F2A5A",
                "fontFamily": "mulishExtraBold",
                "fontSize": 34,
                "marginTop": 20,
              }
            }
          >
            28.99
            €
          </Text>
        </View>
      </View>
    </ViewManagerAdapter_ExpoLinearGradient>
    <ViewManagerAdapter_ExpoLinearGradient
      proxiedProperties={
        {
          "colors": [
            4292664046,
            4293848566,
          ],
          "endPoint": [
            1,
            0.5,
          ],
          "locations": [
            0.1,
            0.9,
          ],
          "startPoint": [
            0,
            0.5,
          ],
        }
      }
      style={
        {
          "alignItems": "center",
          "backgroundColor": "#dcdaee",
          "borderColor": "#EEEDF6",
          "borderRadius": 10,
          "borderWidth": 1,
          "height": "15%",
          "marginBottom": 20,
          "width": "90%",
        }
      }
    >
      <View
        accessibilityState={
          {
            "busy": undefined,
            "checked": undefined,
            "disabled": undefined,
            "expanded": undefined,
            "selected": undefined,
          }
        }
        accessibilityValue={
          {
            "max": undefined,
            "min": undefined,
            "now": undefined,
            "text": undefined,
          }
        }
        accessible={true}
        collapsable={false}
        focusable={true}
        onBlur={[Function]}
        onClick={[Function]}
        onFocus={[Function]}
        onResponderGrant={[Function]}
        onResponderMove={[Function]}
        onResponderRelease={[Function]}
        onResponderTerminate={[Function]}
        onResponderTerminationRequest={[Function]}
        onStartShouldSetResponder={[Function]}
        style={
          {
            "alignItems": "center",
            "borderRadius": 15,
            "flexDirection": "row",
            "height": "100%",
            "justifyContent": "flex-start",
            "width": "100%",
          }
        }
      >
        <View
          style={
            {
              "alignItems": "center",
              "flexDirection": "column",
              "width": "50%",
            }
          }
        >
          <Text
            style={
              {
                "color": "#2F2A5A",
                "fontFamily": "mulishBold",
                "fontSize": 20,
              }
            }
          >
            30
          </Text>
          <Text
            style={
              {
                "color": "#2F2A5A",
                "fontFamily": "mulishBold",
                "fontSize": 20,
              }
            }
          >
            Crédit
          </Text>
        </View>
        <View
          style={
            {
              "marginLeft": 40,
              "width": "80%",
            }
          }
        >
          <Text
            style={
              {
                "color": "#2F2A5A",
                "fontFamily": "mulishExtraBold",
                "fontSize": 34,
                "marginTop": 20,
              }
            }
          >
            39.99
            €
          </Text>
        </View>
      </View>
    </ViewManagerAdapter_ExpoLinearGradient>
  </View>
</View>
`;
